2026-09-08 23:44:39,157 [INFO] E3 P0 smoke starting. run_id=smoke-20260908-234439-9e4893 baseline_root=D:\YOLO-Master
2026-09-08 23:44:39,258 [INFO] MoT: C:\Users\刘小姐\.venvs\yolo_master\Scripts\python.exe scripts\diagnose_mot_routing.py --synthetic --device cpu --nc 80
2026-09-08 23:44:45,818 [INFO] WARNING no model scale passed. Assuming scale='n'.
[routing] wrote D:\YOLO-Master\runs\mot_ablation\routing\mot_routing_detailed.csv
[routing] wrote D:\YOLO-Master\runs\mot_ablation\routing\mot_routing_scenarios.csv
[routing] wrote D:\YOLO-Master\runs\mot_ablation\routing\mot_deformable_activation_check.csv
[routing] wrote D:\YOLO-Master\runs\mot_ablation\routing\mot_expert_heatmap_top1_share.png

2026-09-08 23:44:46,414 [INFO] MoT routing records: 9
2026-09-08 23:44:46,437 [INFO] MoE: model=ultralytics/cfg/models/master/v0_9/det/yolo-master-n.yaml dataset=coco8.yaml
2026-09-08 23:44:49,515 [INFO] MoE usage_stats: {
  "model.5.routing": {
    "0": {
      "hits": 5.0,
      "weighted_sum": 2.471837967634201,
      "avg_weight": 0.49436759352684023
    },
    "1": {
      "hits": 5.0,
      "weighted_sum": 2.5281522274017334,
      "avg_weight": 0.5056304454803466
    }
  },
  "model.8.routing": {
    "0": {
      "hits": 1.0,
      "weighted_sum": 0.49999797344207764,
      "avg_weight": 0.49999797344207764
    },
    "1": {
      "hits": 3.0,
      "weighted_sum": 1.4751218259334564,
      "avg_weight": 0.49170727531115216
    },
    "5": {
      "hits": 2.0,
      "weighted_sum": 0.9774749279022217,
      "avg_weight": 0.48873746395111084
    },
    "6": {
      "hits": 4.0,
      "weighted_sum": 2.0473861694335938,
      "avg_weight": 0.5118465423583984
    }
  },
  "model.11.routing": {
    "0": {
      "hits": 1.0,
      "weighted_sum": 0.49999600648880005,
      "avg_weight": 0.49999600648880005
    },
    "1": {
      "hits": 3.0,
      "weighted_sum": 1.4058202803134918,
      "avg_weight": 0.46860676010449726
    },
    "15": {
      "hits": 4.0,
      "weighted_sum": 2.1972840428352356,
      "avg_weight": 0.5493210107088089
    },
    "11": {
      "hits": 2.0,
      "weighted_sum": 0.8968658149242401,
      "avg_weight": 0.44843290746212006
    }
  }
}
2026-09-08 23:44:49,610 [INFO] MoE routing records: 3
2026-09-08 23:44:49,611 [INFO] Latent: model=ultralytics/cfg/models/26/yolo26-master-latent-n.yaml size=640
2026-09-08 23:44:50,018 [INFO] Latent routing records: 3
2026-09-08 23:44:50,021 [INFO] Latent legacy keys records: 3
2026-09-08 23:44:50,024 [INFO] Overhead: C:\Users\刘小姐\.venvs\yolo_master\Scripts\python.exe scripts/measure_routing_hook_overhead.py --model ultralytics/cfg/models/master/v0_9/det/yolo-master-n.yaml --iterations 50 --warmup 5 --size 640
2026-09-08 23:45:06,962 [INFO] WARNING no model scale passed. Assuming scale='n'.
Module Name                                        | Type                           | Status
------------------------------------------------------------------------------------------
model.5.routing                                    | DualStreamGateRouter           |  Hooked
model.8.routing                                    | DualStreamGateRouter           |  Hooked
model.11.routing                                   | DualStreamGateRouter           |  Hooked

 Successfully hooked 3 router module(s)
------------------------------------------------------------------------------------------
without hook: 7.077s (141.5 ms/forward)
with hook:    7.256s (145.1 ms/forward)
overhead:     2.53% (target < 10%)

2026-09-08 23:45:06,962 [INFO] overhead_percent=2.53
2026-09-08 23:45:07,982 [INFO] P1-A sample capture mot: samples=4 modules=9 records=36
2026-09-08 23:45:08,543 [INFO] P1-A sample capture moe: samples=4 modules=3 records=12
2026-09-08 23:45:08,991 [INFO] P1-A sample capture latent: samples=1 modules=3 records=3
2026-09-08 23:45:08,993 [INFO] P1-A sample rows written: 51 -> C:\tmp\e3-package\artifacts\smoke\smoke-20260908-234439-9e4893\sample_routing_records.jsonl
2026-09-08 23:45:08,994 [INFO] routing_records.jsonl written: 15 records -> C:\tmp\e3-package\artifacts\smoke\smoke-20260908-234439-9e4893\routing_records.jsonl
2026-09-08 23:45:09,001 [INFO] result=PASS
