2026-09-09 00:33:56,390 [INFO] E3 P0 smoke starting. run_id=smoke-20260909-003356-2960be baseline_root=D:\YOLO-Master
2026-09-09 00:33:56,491 [INFO] MoT: C:\Users\刘小姐\.venvs\yolo_master\Scripts\python.exe scripts\diagnose_mot_routing.py --synthetic --device cpu --nc 80
2026-09-09 00:34:02,862 [INFO] WARNING no model scale passed. Assuming scale='n'.
[routing] wrote D:\YOLO-Master\runs\mot_ablation\routing\mot_routing_detailed.csv
[routing] wrote D:\YOLO-Master\runs\mot_ablation\routing\mot_routing_scenarios.csv
[routing] wrote D:\YOLO-Master\runs\mot_ablation\routing\mot_deformable_activation_check.csv
[routing] wrote D:\YOLO-Master\runs\mot_ablation\routing\mot_expert_heatmap_top1_share.png

2026-09-09 00:34:03,459 [INFO] MoT routing records: 9
2026-09-09 00:34:03,483 [INFO] MoE: model=ultralytics/cfg/models/master/v0_9/det/yolo-master-n.yaml dataset=coco8.yaml
2026-09-09 00:34:06,546 [INFO] MoE usage_stats: {
  "model.5.routing": {
    "0": {
      "hits": 5.0,
      "weighted_sum": 2.471837967634201,
      "avg_weight": 0.49436759352684023
    },
    "1": {
      "hits": 5.0,
      "weighted_sum": 2.5281522274017334,
      "avg_weight": 0.5056304454803466
    }
  },
  "model.8.routing": {
    "0": {
      "hits": 1.0,
      "weighted_sum": 0.49999797344207764,
      "avg_weight": 0.49999797344207764
    },
    "1": {
      "hits": 3.0,
      "weighted_sum": 1.4751218259334564,
      "avg_weight": 0.49170727531115216
    },
    "5": {
      "hits": 2.0,
      "weighted_sum": 0.9774749279022217,
      "avg_weight": 0.48873746395111084
    },
    "6": {
      "hits": 4.0,
      "weighted_sum": 2.0473861694335938,
      "avg_weight": 0.5118465423583984
    }
  },
  "model.11.routing": {
    "0": {
      "hits": 1.0,
      "weighted_sum": 0.49999600648880005,
      "avg_weight": 0.49999600648880005
    },
    "1": {
      "hits": 3.0,
      "weighted_sum": 1.4058202803134918,
      "avg_weight": 0.46860676010449726
    },
    "15": {
      "hits": 4.0,
      "weighted_sum": 2.1972840428352356,
      "avg_weight": 0.5493210107088089
    },
    "11": {
      "hits": 2.0,
      "weighted_sum": 0.8968658149242401,
      "avg_weight": 0.44843290746212006
    }
  }
}
2026-09-09 00:34:06,635 [INFO] MoE routing records: 3
2026-09-09 00:34:06,635 [INFO] Latent: model=ultralytics/cfg/models/26/yolo26-master-latent-n.yaml size=640
2026-09-09 00:34:07,036 [INFO] Latent routing records: 3
2026-09-09 00:34:07,038 [INFO] Latent legacy keys records: 3
2026-09-09 00:34:07,039 [INFO] Overhead: C:\Users\刘小姐\.venvs\yolo_master\Scripts\python.exe scripts/measure_routing_hook_overhead.py --model ultralytics/cfg/models/master/v0_9/det/yolo-master-n.yaml --iterations 50 --warmup 5 --size 640
2026-09-09 00:34:23,762 [INFO] WARNING no model scale passed. Assuming scale='n'.
Module Name                                        | Type                           | Status
------------------------------------------------------------------------------------------
model.5.routing                                    | DualStreamGateRouter           |  Hooked
model.8.routing                                    | DualStreamGateRouter           |  Hooked
model.11.routing                                   | DualStreamGateRouter           |  Hooked

 Successfully hooked 3 router module(s)
------------------------------------------------------------------------------------------
without hook: 6.999s (140.0 ms/forward)
with hook:    7.209s (144.2 ms/forward)
overhead:     3.01% (target < 10%)

2026-09-09 00:34:23,764 [INFO] overhead_percent=3.01
2026-09-09 00:34:24,796 [INFO] P1-A sample capture mot: samples=4 modules=9 records=36
2026-09-09 00:34:25,299 [INFO] P1-A sample capture moe: samples=4 modules=3 records=12
2026-09-09 00:34:25,839 [INFO] P1-A sample capture latent: samples=1 modules=3 records=3
2026-09-09 00:34:25,841 [INFO] P1-A sample rows written: 51 -> C:\tmp\e3-package\artifacts\smoke\smoke-20260909-003356-2960be\sample_routing_records.jsonl
2026-09-09 00:34:25,841 [INFO] Sample overhead: C:\Users\刘小姐\.venvs\yolo_master\Scripts\python.exe C:\tmp\e3-package\scripts\measure_sample_capture_overhead.py --model ultralytics/cfg/models/master/v0_9/det/yolo-master-n.yaml --warmup 5 --size 640 --run-id smoke-20260909-003356-2960be --output C:\tmp\e3-package\artifacts\smoke\smoke-20260909-003356-2960be\sample_overhead_result.json
2026-09-09 00:35:40,727 [INFO] WARNING no model scale passed. Assuming scale='n'.
pair 25/120: off=214.9ms on=212.5ms
pair 50/120: off=204.6ms on=200.3ms
pair 75/120: off=523.9ms on=541.2ms
pair 100/120: off=216.6ms on=207.2ms
pair 120/120: off=191.3ms on=198.9ms
sample overhead: mean 3.11% (95% CI [0.51, 6.68]) median 1.99% p95 14.18% (min -37.27, max 148.66, n 120)
paired difference ms: mean 6.31 (median 3.99, p95 44.75)
wrote C:\tmp\e3-package\artifacts\smoke\smoke-20260909-003356-2960be\sample_overhead_result.json

2026-09-09 00:35:40,728 [INFO] sample_overhead_percent_mean=3.1088568247241772 n=120
2026-09-09 00:35:40,730 [INFO] routing_records.jsonl written: 15 records -> C:\tmp\e3-package\artifacts\smoke\smoke-20260909-003356-2960be\routing_records.jsonl
2026-09-09 00:35:40,738 [INFO] result=PASS
