2026-09-05 20:39:46,072 [INFO] E3 P0 smoke starting. run_id=smoke-20260905-203946-f1560a baseline_root=D:\YOLO-Master
2026-09-05 20:39:47,324 [INFO] MoT: C:\Users\刘小姐\.venvs\yolo_master\Scripts\python.exe scripts\diagnose_mot_routing.py --synthetic --device cpu --nc 80
2026-09-05 20:39:54,027 [INFO] WARNING no model scale passed. Assuming scale='n'.
[routing] wrote D:\YOLO-Master\runs\mot_ablation\routing\mot_routing_detailed.csv
[routing] wrote D:\YOLO-Master\runs\mot_ablation\routing\mot_routing_scenarios.csv
[routing] wrote D:\YOLO-Master\runs\mot_ablation\routing\mot_deformable_activation_check.csv
[routing] wrote D:\YOLO-Master\runs\mot_ablation\routing\mot_expert_heatmap_top1_share.png

2026-09-05 20:39:54,625 [INFO] MoT routing records: 9
2026-09-05 20:39:54,648 [INFO] MoE: model=ultralytics/cfg/models/master/v0_9/det/yolo-master-n.yaml dataset=coco8.yaml
2026-09-05 20:39:58,965 [INFO] MoE usage_stats: {
  "model.5.routing": {
    "0": {
      "hits": 1.0,
      "weighted_sum": 0.4999989867210388,
      "avg_weight": 0.4999989867210388
    },
    "1": {
      "hits": 5.0,
      "weighted_sum": 2.5082746744155884,
      "avg_weight": 0.5016549348831176
    },
    "2": {
      "hits": 4.0,
      "weighted_sum": 1.9917162358760834,
      "avg_weight": 0.49792905896902084
    }
  },
  "model.8.routing": {
    "0": {
      "hits": 5.0,
      "weighted_sum": 2.466645658016205,
      "avg_weight": 0.493329131603241
    },
    "1": {
      "hits": 1.0,
      "weighted_sum": 0.49999797344207764,
      "avg_weight": 0.49999797344207764
    },
    "2": {
      "hits": 4.0,
      "weighted_sum": 2.0333374738693237,
      "avg_weight": 0.5083343684673309
    }
  },
  "model.11.routing": {
    "0": {
      "hits": 2.0,
      "weighted_sum": 0.992145836353302,
      "avg_weight": 0.496072918176651
    },
    "1": {
      "hits": 1.0,
      "weighted_sum": 0.49999600648880005,
      "avg_weight": 0.49999600648880005
    },
    "11": {
      "hits": 4.0,
      "weighted_sum": 2.0377466678619385,
      "avg_weight": 0.5094366669654846
    },
    "12": {
      "hits": 2.0,
      "weighted_sum": 0.9853334426879883,
      "avg_weight": 0.49266672134399414
    },
    "4": {
      "hits": 1.0,
      "weighted_sum": 0.4847419559955597,
      "avg_weight": 0.4847419559955597
    }
  }
}
2026-09-05 20:39:59,216 [INFO] MoE routing records: 3
2026-09-05 20:39:59,217 [INFO] Latent: model=ultralytics/cfg/models/26/yolo26-master-latent-n.yaml size=640
2026-09-05 20:40:00,423 [INFO] Latent routing records: 3
2026-09-05 20:40:00,429 [INFO] Latent legacy keys records: 3
2026-09-05 20:40:00,433 [INFO] Overhead: C:\Users\刘小姐\.venvs\yolo_master\Scripts\python.exe scripts/measure_routing_hook_overhead.py --model ultralytics/cfg/models/master/v0_9/det/yolo-master-n.yaml --iterations 50 --warmup 5 --size 640
2026-09-05 20:40:38,780 [INFO] WARNING no model scale passed. Assuming scale='n'.
Module Name                                        | Type                           | Status
------------------------------------------------------------------------------------------
model.5.routing                                    | DualStreamGateRouter           |  Hooked
model.8.routing                                    | DualStreamGateRouter           |  Hooked
model.11.routing                                   | DualStreamGateRouter           |  Hooked

 Successfully hooked 3 router module(s)
------------------------------------------------------------------------------------------
without hook: 18.564s (371.3 ms/forward)
with hook:    16.811s (336.2 ms/forward)
overhead:     -9.44% (target < 10%)

2026-09-05 20:40:38,782 [INFO] overhead_percent=-9.44
2026-09-05 20:40:38,785 [INFO] routing_records.jsonl written: 15 records -> C:\tmp\e3-package\artifacts\smoke\smoke-20260905-203946-f1560a\routing_records.jsonl
2026-09-05 20:40:38,811 [INFO] result=PASS
