2026-09-10 00:56:46,927 [INFO] E3 P0 smoke starting. run_id=seed4-20260910-005254-5223 baseline_root=D:\YOLO-Master
2026-09-10 00:56:47,609 [INFO] MoT: C:\Users\刘小姐\.venvs\yolo_master\Scripts\python.exe scripts\diagnose_mot_routing.py --synthetic --device cpu --nc 80
2026-09-10 00:57:02,659 [INFO] WARNING no model scale passed. Assuming scale='n'.
[routing] wrote D:\YOLO-Master\runs\mot_ablation\routing\mot_routing_detailed.csv
[routing] wrote D:\YOLO-Master\runs\mot_ablation\routing\mot_routing_scenarios.csv
[routing] wrote D:\YOLO-Master\runs\mot_ablation\routing\mot_deformable_activation_check.csv
[routing] wrote D:\YOLO-Master\runs\mot_ablation\routing\mot_expert_heatmap_top1_share.png

2026-09-10 00:57:04,604 [INFO] MoT routing records: 9
2026-09-10 00:57:04,605 [INFO] MoE: model=ultralytics/cfg/models/master/v0_9/det/yolo-master-n.yaml dataset=coco8.yaml
2026-09-10 00:57:13,935 [INFO] MoE usage_stats: {
  "model.5.routing": {
    "0": {
      "hits": 5.0,
      "weighted_sum": 2.461954802274704,
      "avg_weight": 0.4923909604549408
    },
    "1": {
      "hits": 1.0,
      "weighted_sum": 0.4999989867210388,
      "avg_weight": 0.4999989867210388
    },
    "3": {
      "hits": 4.0,
      "weighted_sum": 2.0380364656448364,
      "avg_weight": 0.5095091164112091
    }
  },
  "model.8.routing": {
    "0": {
      "hits": 1.0,
      "weighted_sum": 0.49999797344207764,
      "avg_weight": 0.49999797344207764
    },
    "1": {
      "hits": 5.0,
      "weighted_sum": 2.515472948551178,
      "avg_weight": 0.5030945897102356
    },
    "3": {
      "hits": 4.0,
      "weighted_sum": 1.9845102429389954,
      "avg_weight": 0.49612756073474884
    }
  },
  "model.11.routing": {
    "0": {
      "hits": 1.0,
      "weighted_sum": 0.49999600648880005,
      "avg_weight": 0.49999600648880005
    },
    "1": {
      "hits": 1.0,
      "weighted_sum": 0.49999600648880005,
      "avg_weight": 0.49999600648880005
    },
    "8": {
      "hits": 3.0,
      "weighted_sum": 1.4829772412776947,
      "avg_weight": 0.4943257470925649
    },
    "10": {
      "hits": 2.0,
      "weighted_sum": 1.0102732181549072,
      "avg_weight": 0.5051366090774536
    },
    "13": {
      "hits": 2.0,
      "weighted_sum": 1.0151275992393494,
      "avg_weight": 0.5075637996196747
    },
    "5": {
      "hits": 1.0,
      "weighted_sum": 0.491592675447464,
      "avg_weight": 0.491592675447464
    }
  }
}
2026-09-10 00:57:14,209 [INFO] MoE routing records: 3
2026-09-10 00:57:14,211 [INFO] Latent: model=ultralytics/cfg/models/26/yolo26-master-latent-n.yaml size=640
2026-09-10 00:57:15,493 [INFO] Latent routing records: 3
2026-09-10 00:57:15,501 [INFO] Latent legacy keys records: 3
2026-09-10 00:57:15,506 [INFO] Overhead: C:\Users\刘小姐\.venvs\yolo_master\Scripts\python.exe scripts/measure_routing_hook_overhead.py --model ultralytics/cfg/models/master/v0_9/det/yolo-master-n.yaml --iterations 50 --warmup 5 --size 640
2026-09-10 00:58:01,790 [INFO] WARNING no model scale passed. Assuming scale='n'.
Module Name                                        | Type                           | Status
------------------------------------------------------------------------------------------
model.5.routing                                    | DualStreamGateRouter           |  Hooked
model.8.routing                                    | DualStreamGateRouter           |  Hooked
model.11.routing                                   | DualStreamGateRouter           |  Hooked

 Successfully hooked 3 router module(s)
------------------------------------------------------------------------------------------
without hook: 20.920s (418.4 ms/forward)
with hook:    21.072s (421.4 ms/forward)
overhead:     0.73% (target < 10%)

2026-09-10 00:58:01,813 [INFO] overhead_percent=0.73
2026-09-10 00:58:04,873 [INFO] P1-A sample capture mot: samples=4 modules=9 records=36
2026-09-10 00:58:06,570 [INFO] P1-A sample capture moe: samples=4 modules=3 records=12
2026-09-10 00:58:07,980 [INFO] P1-A sample capture latent: samples=1 modules=3 records=3
2026-09-10 00:58:07,988 [INFO] P1-A sample rows written: 51 -> C:\tmp\e3-package\artifacts\smoke\seed4-20260910-005254-5223\sample_routing_records.jsonl
2026-09-10 00:58:07,989 [INFO] Sample overhead: C:\Users\刘小姐\.venvs\yolo_master\Scripts\python.exe C:\tmp\e3-package\scripts\measure_sample_capture_overhead.py --model ultralytics/cfg/models/master/v0_9/det/yolo-master-n.yaml --warmup 5 --size 640 --run-id seed4-20260910-005254-5223 --output C:\tmp\e3-package\artifacts\smoke\seed4-20260910-005254-5223\sample_overhead_result.json
2026-09-10 01:00:30,589 [INFO] WARNING no model scale passed. Assuming scale='n'.
pair 25/120: off=558.5ms on=569.8ms
pair 50/120: off=557.7ms on=554.6ms
pair 75/120: off=525.5ms on=643.6ms
pair 100/120: off=515.5ms on=573.9ms
pair 120/120: off=571.1ms on=551.0ms
sample overhead: mean 2.16% (95% CI [1.00, 3.33]) median 1.85% p95 14.79% (min -12.94, max 23.97, n 120)
paired difference ms: mean 10.74 (median 10.17, p95 81.21)
wrote C:\tmp\e3-package\artifacts\smoke\seed4-20260910-005254-5223\sample_overhead_result.json

2026-09-10 01:00:30,593 [INFO] sample_overhead_percent_mean=2.1566803304775997 n=120
2026-09-10 01:00:30,615 [INFO] routing_records.jsonl written: 15 records -> C:\tmp\e3-package\artifacts\smoke\seed4-20260910-005254-5223\routing_records.jsonl
2026-09-10 01:00:30,639 [INFO] panel written: channels=html families=latent,moe,mot missing=none -> routing_panel.html
2026-09-10 01:00:30,684 [INFO] result=PASS
