2026-09-07 00:23:19,808 [INFO] E3 P0 smoke starting. run_id=smoke-20260907-002319-d05c10 baseline_root=D:\YOLO-Master
2026-09-07 00:23:20,975 [INFO] MoT: C:\Users\刘小姐\.venvs\yolo_master\Scripts\python.exe scripts\diagnose_mot_routing.py --synthetic --device cpu --nc 80
2026-09-07 00:23:27,232 [INFO] WARNING no model scale passed. Assuming scale='n'.
[routing] wrote D:\YOLO-Master\runs\mot_ablation\routing\mot_routing_detailed.csv
[routing] wrote D:\YOLO-Master\runs\mot_ablation\routing\mot_routing_scenarios.csv
[routing] wrote D:\YOLO-Master\runs\mot_ablation\routing\mot_deformable_activation_check.csv
[routing] wrote D:\YOLO-Master\runs\mot_ablation\routing\mot_expert_heatmap_top1_share.png

2026-09-07 00:23:27,820 [INFO] MoT routing records: 9
2026-09-07 00:23:27,820 [INFO] MoE: model=ultralytics/cfg/models/master/v0_9/det/yolo-master-n.yaml dataset=coco8.yaml
2026-09-07 00:23:30,772 [INFO] MoE usage_stats: {
  "model.5.routing": {
    "0": {
      "hits": 5.0,
      "weighted_sum": 2.4913773238658905,
      "avg_weight": 0.4982754647731781
    },
    "1": {
      "hits": 1.0,
      "weighted_sum": 0.4999989867210388,
      "avg_weight": 0.4999989867210388
    },
    "2": {
      "hits": 4.0,
      "weighted_sum": 2.0086138248443604,
      "avg_weight": 0.5021534562110901
    }
  },
  "model.8.routing": {
    "0": {
      "hits": 1.0,
      "weighted_sum": 0.49999797344207764,
      "avg_weight": 0.49999797344207764
    },
    "1": {
      "hits": 5.0,
      "weighted_sum": 2.3718701899051666,
      "avg_weight": 0.47437403798103334
    },
    "6": {
      "hits": 4.0,
      "weighted_sum": 2.1281134486198425,
      "avg_weight": 0.5320283621549606
    }
  },
  "model.11.routing": {
    "0": {
      "hits": 1.0,
      "weighted_sum": 0.49999600648880005,
      "avg_weight": 0.49999600648880005
    },
    "1": {
      "hits": 1.0,
      "weighted_sum": 0.49999600648880005,
      "avg_weight": 0.49999600648880005
    },
    "11": {
      "hits": 4.0,
      "weighted_sum": 2.07073712348938,
      "avg_weight": 0.517684280872345
    },
    "12": {
      "hits": 2.0,
      "weighted_sum": 0.9692990183830261,
      "avg_weight": 0.48464950919151306
    },
    "10": {
      "hits": 1.0,
      "weighted_sum": 0.48189476132392883,
      "avg_weight": 0.48189476132392883
    },
    "3": {
      "hits": 1.0,
      "weighted_sum": 0.4780420660972595,
      "avg_weight": 0.4780420660972595
    }
  }
}
2026-09-07 00:23:30,861 [INFO] MoE routing records: 3
2026-09-07 00:23:30,861 [INFO] Latent: model=ultralytics/cfg/models/26/yolo26-master-latent-n.yaml size=640
2026-09-07 00:23:31,269 [INFO] Latent routing records: 3
2026-09-07 00:23:31,272 [INFO] Latent legacy keys records: 3
2026-09-07 00:23:31,274 [INFO] Overhead: C:\Users\刘小姐\.venvs\yolo_master\Scripts\python.exe scripts/measure_routing_hook_overhead.py --model ultralytics/cfg/models/master/v0_9/det/yolo-master-n.yaml --iterations 50 --warmup 5 --size 640
2026-09-07 00:23:47,535 [INFO] WARNING no model scale passed. Assuming scale='n'.
Module Name                                        | Type                           | Status
------------------------------------------------------------------------------------------
model.5.routing                                    | DualStreamGateRouter           |  Hooked
model.8.routing                                    | DualStreamGateRouter           |  Hooked
model.11.routing                                   | DualStreamGateRouter           |  Hooked

 Successfully hooked 3 router module(s)
------------------------------------------------------------------------------------------
without hook: 6.917s (138.3 ms/forward)
with hook:    6.890s (137.8 ms/forward)
overhead:     -0.39% (target < 10%)

2026-09-07 00:23:47,536 [INFO] overhead_percent=-0.39
2026-09-07 00:23:48,655 [INFO] P1-A sample capture mot: samples=4 modules=9 records=36
2026-09-07 00:23:49,241 [INFO] P1-A sample capture moe: samples=4 modules=3 records=12
2026-09-07 00:23:49,775 [INFO] P1-A sample capture latent: samples=1 modules=3 records=3
2026-09-07 00:23:49,777 [INFO] P1-A sample rows written: 51 -> C:\tmp\e3-package\artifacts\smoke\smoke-20260907-002319-d05c10\sample_routing_records.jsonl
2026-09-07 00:23:49,778 [INFO] routing_records.jsonl written: 15 records -> C:\tmp\e3-package\artifacts\smoke\smoke-20260907-002319-d05c10\routing_records.jsonl
2026-09-07 00:23:49,782 [INFO] result=PASS
